// Jest Snapshot v1, https://goo.gl/fbAQLP

exports[`<ConsentForm /> should match the snapshot 1`] = `
<div>
  <div
    class="ConsentForm"
    data-testid="ConsentForm"
  >
    <h3
      class="Heading-module_Heading__Wg8yB heading"
      data-testid="Heading"
    >
      marklar
       is requesting your permissions
    </h3>
    <h6
      class="Heading-module_Heading__Wg8yB text"
      data-testid="Heading"
    >
      Uncheck the permissions you do not wish to grant.
    </h6>
    <form
      class="form"
    >
      <fieldset
        class="Fieldset-module_Fieldset__2j-We fieldset"
        data-testid="Fieldset"
      >
        <legend
          class="Fieldset-module_legend__eWciB"
        >
          Personal Information
        </legend>
        <label
          class="Toggle-module_Toggle__l-SWp Toggle-module_readOnly__1ybfJ input"
          data-testid="Toggle"
        >
          <input
            checked=""
            class="Toggle-module_input__9vPu1"
            name="identityScopes.0.isPermitted"
            readonly=""
            type="checkbox"
          />
          <div
            class="Toggle-module_container__FoqlF"
          >
            <span
              class="Toggle-module_ball__bF3bD"
            />
          </div>
          <p
            class="Text-module_Text__K8mLZ Toggle-module_text__bqo8g"
            data-testid="Text"
          >
            Your user identifier
          </p>
        </label>
        <h6
          class="Heading-module_Heading__Wg8yB description"
          data-testid="Heading"
        />
        <label
          class="Toggle-module_Toggle__l-SWp input"
          data-testid="Toggle"
        >
          <input
            class="Toggle-module_input__9vPu1"
            name="identityScopes.1.isPermitted"
            type="checkbox"
          />
          <div
            class="Toggle-module_container__FoqlF"
          >
            <span
              class="Toggle-module_ball__bF3bD"
            />
          </div>
          <p
            class="Text-module_Text__K8mLZ Toggle-module_text__bqo8g"
            data-testid="Text"
          >
            User profile
          </p>
        </label>
        <h6
          class="Heading-module_Heading__Wg8yB description"
          data-testid="Heading"
        >
          Your user profile information (first name, last name, etc.)
        </h6>
      </fieldset>
      <fieldset
        class="Fieldset-module_Fieldset__2j-We fieldset"
        data-testid="Fieldset"
      >
        <legend
          class="Fieldset-module_legend__eWciB"
        >
          Application Access
        </legend>
        <label
          class="Toggle-module_Toggle__l-SWp input"
          data-testid="Toggle"
        >
          <input
            class="Toggle-module_input__9vPu1"
            name="apiScopes.0.isPermitted"
            type="checkbox"
          />
          <div
            class="Toggle-module_container__FoqlF"
          >
            <span
              class="Toggle-module_ball__bF3bD"
            />
          </div>
          <p
            class="Text-module_Text__K8mLZ Toggle-module_text__bqo8g"
            data-testid="Text"
          >
            OrdersApi
          </p>
        </label>
        <h6
          class="Heading-module_Heading__Wg8yB description"
          data-testid="Heading"
        />
      </fieldset>
      <label
        class="Checkbox-module_Checkbox__ChGlN input"
        data-testid="Checkbox"
      >
        <input
          class="Checkbox-module_input__-039s"
          name="rememberConsent"
          type="checkbox"
          value=""
        />
        <div
          class="Checkbox-module_checkmark__pjJT2"
        >
          <svg
            class="Checkbox-module_tick__-Yp8y"
            viewBox="0 0 1280 1186"
            xmlns="http://www.w3.org/2000/svg"
          >
            <path
              d="M1253 5.4c-3 1.8-14.5 8.6-25.5 15.1C1114 87.6 990.7 180.8 869 291.4c-64.7 58.9-140.3 134.2-203 202.1-108.5 117.6-218 252.3-311.3 382.9l-4.8 6.7-3.2-1.9c-1.8-1.1-75.8-43-164.6-93.2-130.9-73.9-161.6-90.9-162.6-89.8-6.2 6.8-15.6 19.1-15.3 20 .2.6 90.8 106.1 201.4 234.4l200.9 233.3h7.5l7.6.1 15.3-30.8c174.3-350.6 357.9-626.1 584-876.7 66-73.1 162.4-170.1 238.1-239.4 8.5-7.8 15.4-14.8 15.4-15.6-.2-1.5-14.5-21.4-15.4-21.4-.3 0-3 1.4-6 3.3z"
            />
          </svg>
        </div>
        <p
          class="Text-module_Text__K8mLZ Checkbox-module_text__usAwV"
          data-testid="Text"
        >
          Remember my choice
        </p>
      </label>
      <div
        class="buttonWrapper"
      >
        <button
          class="Button-module_Button__0OJEu Button-module_opaque__O0DEF"
          data-testid="Button"
          type="button"
        >
          <svg
            class=""
            fill="#fff"
            viewBox="0 0 135 140"
            xmlns="http://www.w3.org/2000/svg"
          >
            <rect
              height="120"
              rx="6"
              width="15"
              y="10"
            >
              <animate
                attributeName="height"
                begin="0.5s"
                calcMode="linear"
                dur="1s"
                repeatCount="indefinite"
                values="120;110;100;90;80;70;60;50;40;140;120"
              />
              <animate
                attributeName="y"
                begin="0.5s"
                calcMode="linear"
                dur="1s"
                repeatCount="indefinite"
                values="10;15;20;25;30;35;40;45;50;0;10"
              />
            </rect>
            <rect
              height="120"
              rx="6"
              width="15"
              x="30"
              y="10"
            >
              <animate
                attributeName="height"
                begin="0.25s"
                calcMode="linear"
                dur="1s"
                repeatCount="indefinite"
                values="120;110;100;90;80;70;60;50;40;140;120"
              />
              <animate
                attributeName="y"
                begin="0.25s"
                calcMode="linear"
                dur="1s"
                repeatCount="indefinite"
                values="10;15;20;25;30;35;40;45;50;0;10"
              />
            </rect>
            <rect
              height="140"
              rx="6"
              width="15"
              x="60"
            >
              <animate
                attributeName="height"
                begin="0s"
                calcMode="linear"
                dur="1s"
                repeatCount="indefinite"
                values="120;110;100;90;80;70;60;50;40;140;120"
              />
              <animate
                attributeName="y"
                begin="0s"
                calcMode="linear"
                dur="1s"
                repeatCount="indefinite"
                values="10;15;20;25;30;35;40;45;50;0;10"
              />
            </rect>
            <rect
              height="120"
              rx="6"
              width="15"
              x="90"
              y="10"
            >
              <animate
                attributeName="height"
                begin="0.25s"
                calcMode="linear"
                dur="1s"
                repeatCount="indefinite"
                values="120;110;100;90;80;70;60;50;40;140;120"
              />
              <animate
                attributeName="y"
                begin="0.25s"
                calcMode="linear"
                dur="1s"
                repeatCount="indefinite"
                values="10;15;20;25;30;35;40;45;50;0;10"
              />
            </rect>
            <rect
              height="120"
              rx="6"
              width="15"
              x="120"
              y="10"
            >
              <animate
                attributeName="height"
                begin="0.5s"
                calcMode="linear"
                dur="1s"
                repeatCount="indefinite"
                values="120;110;100;90;80;70;60;50;40;140;120"
              />
              <animate
                attributeName="y"
                begin="0.5s"
                calcMode="linear"
                dur="1s"
                repeatCount="indefinite"
                values="10;15;20;25;30;35;40;45;50;0;10"
              />
            </rect>
          </svg>
          Allow
        </button>
        <button
          class="Button-module_Button__0OJEu Button-module_opaque__O0DEF"
          data-testid="Button"
          type="button"
        >
          <svg
            class=""
            fill="#fff"
            viewBox="0 0 135 140"
            xmlns="http://www.w3.org/2000/svg"
          >
            <rect
              height="120"
              rx="6"
              width="15"
              y="10"
            >
              <animate
                attributeName="height"
                begin="0.5s"
                calcMode="linear"
                dur="1s"
                repeatCount="indefinite"
                values="120;110;100;90;80;70;60;50;40;140;120"
              />
              <animate
                attributeName="y"
                begin="0.5s"
                calcMode="linear"
                dur="1s"
                repeatCount="indefinite"
                values="10;15;20;25;30;35;40;45;50;0;10"
              />
            </rect>
            <rect
              height="120"
              rx="6"
              width="15"
              x="30"
              y="10"
            >
              <animate
                attributeName="height"
                begin="0.25s"
                calcMode="linear"
                dur="1s"
                repeatCount="indefinite"
                values="120;110;100;90;80;70;60;50;40;140;120"
              />
              <animate
                attributeName="y"
                begin="0.25s"
                calcMode="linear"
                dur="1s"
                repeatCount="indefinite"
                values="10;15;20;25;30;35;40;45;50;0;10"
              />
            </rect>
            <rect
              height="140"
              rx="6"
              width="15"
              x="60"
            >
              <animate
                attributeName="height"
                begin="0s"
                calcMode="linear"
                dur="1s"
                repeatCount="indefinite"
                values="120;110;100;90;80;70;60;50;40;140;120"
              />
              <animate
                attributeName="y"
                begin="0s"
                calcMode="linear"
                dur="1s"
                repeatCount="indefinite"
                values="10;15;20;25;30;35;40;45;50;0;10"
              />
            </rect>
            <rect
              height="120"
              rx="6"
              width="15"
              x="90"
              y="10"
            >
              <animate
                attributeName="height"
                begin="0.25s"
                calcMode="linear"
                dur="1s"
                repeatCount="indefinite"
                values="120;110;100;90;80;70;60;50;40;140;120"
              />
              <animate
                attributeName="y"
                begin="0.25s"
                calcMode="linear"
                dur="1s"
                repeatCount="indefinite"
                values="10;15;20;25;30;35;40;45;50;0;10"
              />
            </rect>
            <rect
              height="120"
              rx="6"
              width="15"
              x="120"
              y="10"
            >
              <animate
                attributeName="height"
                begin="0.5s"
                calcMode="linear"
                dur="1s"
                repeatCount="indefinite"
                values="120;110;100;90;80;70;60;50;40;140;120"
              />
              <animate
                attributeName="y"
                begin="0.5s"
                calcMode="linear"
                dur="1s"
                repeatCount="indefinite"
                values="10;15;20;25;30;35;40;45;50;0;10"
              />
            </rect>
          </svg>
          Deny
        </button>
      </div>
    </form>
  </div>
</div>
`;
