// Jest Snapshot v1, https://goo.gl/fbAQLP

exports[`<LoginForm /> should match the snapshot 1`] = `
<div>
  <div
    class="LoginForm"
  >
    <form
      class="form"
    >
      <h3
        class="Heading-module_Heading__Wg8yB heading"
        data-testid="Heading"
      >
        Login
      </h3>
      <label
        class="TextField-module_TextField__QtlJl input"
        data-testid="TextField"
      >
        <h5
          class="Heading-module_Heading__Wg8yB TextField-module_label__OD4N8"
          data-testid="Heading"
        >
          Username
        </h5>
        <div
          class="TextField-module_input__SPywc"
        >
          <input
            name="username"
            type="text"
            value=""
          />
        </div>
        <p
          class="Text-module_Text__K8mLZ TextField-module_error__IGQzp"
          data-testid="Text"
        />
      </label>
      <label
        class="TextField-module_TextField__QtlJl input TextField-module_hasSuffix__-bHtc"
        data-testid="TextField"
      >
        <h5
          class="Heading-module_Heading__Wg8yB TextField-module_label__OD4N8"
          data-testid="Heading"
        >
          Password
        </h5>
        <div
          class="TextField-module_input__SPywc"
        >
          <input
            name="password"
            type="password"
            value=""
          />
          <div
            class="FakeButton-module_FakeButton__-W3X5 TextField-module_suffix__SCuij"
            data-testid="FakeButton"
            role="button"
            tabindex="0"
          >
            <svg
              viewBox="0 0 24 24"
              xmlns="http://www.w3.org/2000/svg"
            >
              <path
                d="M0 0h24v24H0z"
                fill="none"
              />
              <path
                d="M12 4.5C7 4.5 2.73 7.61 1 12c1.73 4.39 6 7.5 11 7.5s9.27-3.11 11-7.5c-1.73-4.39-6-7.5-11-7.5zM12 17c-2.76 0-5-2.24-5-5s2.24-5 5-5 5 2.24 5 5-2.24 5-5 5zm0-8c-1.66 0-3 1.34-3 3s1.34 3 3 3 3-1.34 3-3-1.34-3-3-3z"
              />
            </svg>
          </div>
        </div>
        <p
          class="Text-module_Text__K8mLZ TextField-module_error__IGQzp"
          data-testid="Text"
        />
      </label>
      <input
        hidden=""
        name="returnUrl"
        readonly=""
        type="text"
        value="?someUrl=Marklar"
      />
      <p
        class="Text-module_Text__K8mLZ text"
        data-testid="Text"
      >
        No account yet? Consider
         
        <a
          href="/account/login"
        >
          register
        </a>
      </p>
      <div
        class="buttonWrapper"
      >
        <button
          class="Button-module_Button__0OJEu Button-module_opaque__O0DEF"
          data-testid="Button"
          disabled=""
          type="submit"
        >
          Login
        </button>
      </div>
    </form>
  </div>
</div>
`;
