// Jest Snapshot v1, https://goo.gl/fbAQLP

exports[`<ToggleField /> should match the snapshot 1`] = `
<div>
  <label
    class="Toggle-module_Toggle__l-SWp"
    data-testid="Toggle"
  >
    <input
      class="Toggle-module_input__9vPu1"
      type="checkbox"
      value=""
    />
    <div
      class="Toggle-module_container__FoqlF"
    >
      <div
        class="Toggle-module_switch__F7NhF"
      >
        <span
          class="Toggle-module_ball__bF3bD"
        />
      </div>
    </div>
  </label>
</div>
`;
