// Jest Snapshot v1, https://goo.gl/fbAQLP

exports[`<InputField /> match the snapshot 1`] = `
<div>
  <label
    class="TextField-module_TextField__QtlJl"
    data-testid="TextField"
  >
    <div
      class="TextField-module_input__SPywc"
    >
      <input
        type="text"
        value=""
      />
    </div>
    <p
      class="Text-module_Text__K8mLZ TextField-module_error__IGQzp"
      data-testid="Text"
    />
  </label>
</div>
`;
