// Jest Snapshot v1, https://goo.gl/fbAQLP

exports[`<BrandButton /> should match the snapshot 1`] = `
<div>
  <a
    class="LinkButton-module_LinkButton__x1Ppn BrandButton steam LinkButton-module_opaque__DFeur"
    data-testid="LinkButton"
  >
    <svg
      class="brandIcon"
    >
      steam.svg
    </svg>
  </a>
</div>
`;
