// Jest Snapshot v1, https://goo.gl/fbAQLP

exports[`<ConfirmEmailForm /> should match the snapshot 1`] = `
<div>
  <div
    class="ConfirmEmailForm"
  >
    <form
      class="form"
    >
      <svg
        class="icon"
      >
        email-icon.svg
      </svg>
      <h3
        class="Heading-module_Heading__Wg8yB heading"
        data-testid="Heading"
      >
        Check your email
      </h3>
      <label
        class="TextField-module_TextField__QtlJl"
        data-testid="TextField"
      >
        <div
          class="TextField-module_input__SPywc"
        >
          <input
            autocomplete="off"
            name="code"
            type="text"
            value=""
          />
        </div>
        <p
          class="Text-module_Text__K8mLZ TextField-module_error__IGQzp"
          data-testid="Text"
        />
      </label>
      <div
        class="buttonWrapper"
      >
        <button
          class="Button-module_Button__0OJEu Button-module_opaque__O0DEF"
          data-testid="Button"
          disabled=""
          type="submit"
        >
          Submit
        </button>
      </div>
    </form>
  </div>
</div>
`;
