// Jest Snapshot v1, https://goo.gl/fbAQLP

exports[`<RegisterForm /> should match the snapshot 1`] = `
<div>
  <div
    class="RegisterForm"
  >
    <form
      class="form"
    >
      <h3
        class="Heading-module_Heading__Wg8yB heading"
        data-testid="Heading"
      >
        Register
      </h3>
      <label
        class="TextField-module_TextField__QtlJl input"
        data-testid="TextField"
      >
        <h5
          class="Heading-module_Heading__Wg8yB TextField-module_label__OD4N8"
          data-testid="Heading"
        >
          Username
        </h5>
        <div
          class="TextField-module_input__SPywc"
        >
          <input
            name="username"
            type="text"
            value=""
          />
        </div>
        <p
          class="Text-module_Text__K8mLZ TextField-module_error__IGQzp"
          data-testid="Text"
        />
      </label>
      <label
        class="TextField-module_TextField__QtlJl input"
        data-testid="TextField"
      >
        <h5
          class="Heading-module_Heading__Wg8yB TextField-module_label__OD4N8"
          data-testid="Heading"
        >
          First Name
        </h5>
        <div
          class="TextField-module_input__SPywc"
        >
          <input
            name="firstName"
            type="text"
            value=""
          />
        </div>
        <p
          class="Text-module_Text__K8mLZ TextField-module_error__IGQzp"
          data-testid="Text"
        />
      </label>
      <label
        class="TextField-module_TextField__QtlJl input"
        data-testid="TextField"
      >
        <h5
          class="Heading-module_Heading__Wg8yB TextField-module_label__OD4N8"
          data-testid="Heading"
        >
          Last Name
        </h5>
        <div
          class="TextField-module_input__SPywc"
        >
          <input
            name="lastName"
            type="text"
            value=""
          />
        </div>
        <p
          class="Text-module_Text__K8mLZ TextField-module_error__IGQzp"
          data-testid="Text"
        />
      </label>
      <label
        class="TextField-module_TextField__QtlJl input"
        data-testid="TextField"
      >
        <h5
          class="Heading-module_Heading__Wg8yB TextField-module_label__OD4N8"
          data-testid="Heading"
        >
          Email
        </h5>
        <div
          class="TextField-module_input__SPywc"
        >
          <input
            name="email"
            type="text"
            value=""
          />
        </div>
        <p
          class="Text-module_Text__K8mLZ TextField-module_error__IGQzp"
          data-testid="Text"
        />
      </label>
      <label
        class="TextField-module_TextField__QtlJl input"
        data-testid="TextField"
      >
        <h5
          class="Heading-module_Heading__Wg8yB TextField-module_label__OD4N8"
          data-testid="Heading"
        >
          Phone Number
        </h5>
        <div
          class="TextField-module_input__SPywc"
        >
          <input
            name="phoneNumber"
            type="text"
            value=""
          />
        </div>
        <p
          class="Text-module_Text__K8mLZ TextField-module_error__IGQzp"
          data-testid="Text"
        />
      </label>
      <label
        class="TextField-module_TextField__QtlJl input TextField-module_hasSuffix__-bHtc"
        data-testid="TextField"
      >
        <h5
          class="Heading-module_Heading__Wg8yB TextField-module_label__OD4N8"
          data-testid="Heading"
        >
          Password
        </h5>
        <div
          class="TextField-module_input__SPywc"
        >
          <input
            name="password"
            type="password"
            value=""
          />
          <div
            class="FakeButton-module_FakeButton__-W3X5 TextField-module_suffix__SCuij"
            data-testid="FakeButton"
            role="button"
            tabindex="0"
          >
            <svg
              viewBox="0 0 24 24"
              xmlns="http://www.w3.org/2000/svg"
            >
              <path
                d="M0 0h24v24H0z"
                fill="none"
              />
              <path
                d="M12 4.5C7 4.5 2.73 7.61 1 12c1.73 4.39 6 7.5 11 7.5s9.27-3.11 11-7.5c-1.73-4.39-6-7.5-11-7.5zM12 17c-2.76 0-5-2.24-5-5s2.24-5 5-5 5 2.24 5 5-2.24 5-5 5zm0-8c-1.66 0-3 1.34-3 3s1.34 3 3 3 3-1.34 3-3-1.34-3-3-3z"
              />
            </svg>
          </div>
        </div>
        <p
          class="Text-module_Text__K8mLZ TextField-module_error__IGQzp"
          data-testid="Text"
        />
      </label>
      <label
        class="TextField-module_TextField__QtlJl input TextField-module_hasSuffix__-bHtc"
        data-testid="TextField"
      >
        <h5
          class="Heading-module_Heading__Wg8yB TextField-module_label__OD4N8"
          data-testid="Heading"
        >
          Confirm Password
        </h5>
        <div
          class="TextField-module_input__SPywc"
        >
          <input
            name="passwordConfirmation"
            type="password"
            value=""
          />
          <div
            class="FakeButton-module_FakeButton__-W3X5 TextField-module_suffix__SCuij"
            data-testid="FakeButton"
            role="button"
            tabindex="0"
          >
            <svg
              viewBox="0 0 24 24"
              xmlns="http://www.w3.org/2000/svg"
            >
              <path
                d="M0 0h24v24H0z"
                fill="none"
              />
              <path
                d="M12 4.5C7 4.5 2.73 7.61 1 12c1.73 4.39 6 7.5 11 7.5s9.27-3.11 11-7.5c-1.73-4.39-6-7.5-11-7.5zM12 17c-2.76 0-5-2.24-5-5s2.24-5 5-5 5 2.24 5 5-2.24 5-5 5zm0-8c-1.66 0-3 1.34-3 3s1.34 3 3 3 3-1.34 3-3-1.34-3-3-3z"
              />
            </svg>
          </div>
        </div>
        <p
          class="Text-module_Text__K8mLZ TextField-module_error__IGQzp"
          data-testid="Text"
        />
      </label>
      <input
        hidden=""
        name="redirectUrl"
        readonly=""
        type="text"
        value="https://marklar.com"
      />
      <p
        class="Text-module_Text__K8mLZ text"
        data-testid="Text"
      >
        Already have an account. Consider
         
        <div
          data-testid="AppLink"
        >
          {"to":"/account/login","children":"login"}
        </div>
      </p>
      <div
        class="buttonWrapper"
      >
        <button
          class="Button-module_Button__0OJEu Button-module_opaque__O0DEF"
          data-testid="Button"
          disabled=""
          type="submit"
        >
          <svg
            class="Button-module_spinner__kVZYq"
            fill="#fff"
            viewBox="0 0 135 140"
            xmlns="http://www.w3.org/2000/svg"
          >
            <rect
              height="120"
              rx="6"
              width="15"
              y="10"
            >
              <animate
                attributeName="height"
                begin="0.5s"
                calcMode="linear"
                dur="1s"
                repeatCount="indefinite"
                values="120;110;100;90;80;70;60;50;40;140;120"
              />
              <animate
                attributeName="y"
                begin="0.5s"
                calcMode="linear"
                dur="1s"
                repeatCount="indefinite"
                values="10;15;20;25;30;35;40;45;50;0;10"
              />
            </rect>
            <rect
              height="120"
              rx="6"
              width="15"
              x="30"
              y="10"
            >
              <animate
                attributeName="height"
                begin="0.25s"
                calcMode="linear"
                dur="1s"
                repeatCount="indefinite"
                values="120;110;100;90;80;70;60;50;40;140;120"
              />
              <animate
                attributeName="y"
                begin="0.25s"
                calcMode="linear"
                dur="1s"
                repeatCount="indefinite"
                values="10;15;20;25;30;35;40;45;50;0;10"
              />
            </rect>
            <rect
              height="140"
              rx="6"
              width="15"
              x="60"
            >
              <animate
                attributeName="height"
                begin="0s"
                calcMode="linear"
                dur="1s"
                repeatCount="indefinite"
                values="120;110;100;90;80;70;60;50;40;140;120"
              />
              <animate
                attributeName="y"
                begin="0s"
                calcMode="linear"
                dur="1s"
                repeatCount="indefinite"
                values="10;15;20;25;30;35;40;45;50;0;10"
              />
            </rect>
            <rect
              height="120"
              rx="6"
              width="15"
              x="90"
              y="10"
            >
              <animate
                attributeName="height"
                begin="0.25s"
                calcMode="linear"
                dur="1s"
                repeatCount="indefinite"
                values="120;110;100;90;80;70;60;50;40;140;120"
              />
              <animate
                attributeName="y"
                begin="0.25s"
                calcMode="linear"
                dur="1s"
                repeatCount="indefinite"
                values="10;15;20;25;30;35;40;45;50;0;10"
              />
            </rect>
            <rect
              height="120"
              rx="6"
              width="15"
              x="120"
              y="10"
            >
              <animate
                attributeName="height"
                begin="0.5s"
                calcMode="linear"
                dur="1s"
                repeatCount="indefinite"
                values="120;110;100;90;80;70;60;50;40;140;120"
              />
              <animate
                attributeName="y"
                begin="0.5s"
                calcMode="linear"
                dur="1s"
                repeatCount="indefinite"
                values="10;15;20;25;30;35;40;45;50;0;10"
              />
            </rect>
          </svg>
          <span
            class="Button-module_content__PpYVU"
          >
            Register
          </span>
        </button>
        <a
          class="LinkButton-module_LinkButton__x1Ppn BrandButton google LinkButton-module_opaque__DFeur"
          data-testid="LinkButton"
          href="http://localhost/auth/externalRegister?provider=Google&returnUrl=https%253A%252F%252Fmarklar.com"
        >
          <svg
            class="brandIcon"
          >
            google.svg
          </svg>
          Register with Google
        </a>
      </div>
    </form>
  </div>
</div>
`;
